-- The C compiler identification is GNU 11.4.0
-- The CXX compiler identification is GNU 11.4.0
-- Detecting C compiler ABI info
-- Detecting C compiler ABI info - done
-- Check for working C compiler: /usr/bin/cc - skipped
-- Detecting C compile features
-- Detecting C compile features - done
-- Detecting CXX compiler ABI info
-- Detecting CXX compiler ABI info - done
-- Check for working CXX compiler: /usr/bin/c++ - skipped
-- Detecting CXX compile features
-- Detecting CXX compile features - done
-- Found ament_cmake: 1.3.14 (/opt/ros/humble/share/ament_cmake/cmake)
-- Found Python3: /usr/bin/python3 (found version "3.10.12") found components: Interpreter 
-- Found example_interfaces: 0.9.3 (/opt/ros/humble/share/example_interfaces/cmake)
-- Found rosidl_generator_c: 3.1.9 (/opt/ros/humble/share/rosidl_generator_c/cmake)
-- Found rosidl_adapter: 3.1.9 (/opt/ros/humble/share/rosidl_adapter/cmake)
-- Found rosidl_generator_cpp: 3.1.9 (/opt/ros/humble/share/rosidl_generator_cpp/cmake)
-- Using all available rosidl_typesupport_c: rosidl_typesupport_fastrtps_c;rosidl_typesupport_introspection_c
-- Using all available rosidl_typesupport_cpp: rosidl_typesupport_fastrtps_cpp;rosidl_typesupport_introspection_cpp
-- Found rclcpp: 16.0.21 (/opt/ros/humble/share/rclcpp/cmake)
-- Found rmw_implementation_cmake: 6.1.4 (/opt/ros/humble/share/rmw_implementation_cmake/cmake)
-- Found rmw_fastrtps_cpp: 6.2.10 (/opt/ros/humble/share/rmw_fastrtps_cpp/cmake)
-- Found OpenSSL: /usr/lib/x86_64-linux-gnu/libcrypto.so (found version "3.0.2")  
-- Found FastRTPS: /opt/ros/humble/include  
-- Using RMW implementation 'rmw_fastrtps_cpp' as default
-- Looking for pthread.h
-- Looking for pthread.h - found
-- Performing Test CMAKE_HAVE_LIBC_PTHREAD
-- Performing Test CMAKE_HAVE_LIBC_PTHREAD - Success
-- Found Threads: TRUE  
-- Found rclcpp_components: 16.0.21 (/opt/ros/humble/share/rclcpp_components/cmake)
-- Found ament_lint_auto: 0.12.15 (/opt/ros/humble/share/ament_lint_auto/cmake)
-- Found python_cmake_module: 0.10.0 (/opt/ros/humble/share/python_cmake_module/cmake)
-- Found PythonInterp: /usr/bin/python3 (found suitable version "3.10.12", minimum required is "3.6") 
-- Found PythonLibs: /usr/lib/x86_64-linux-gnu/libpython3.10.so (found suitable version "3.10.12", minimum required is "3.5") 
-- Using PYTHON_EXECUTABLE: /usr/bin/python3
-- Using PYTHON_INCLUDE_DIRS: /usr/include/python3.10
-- Using PYTHON_LIBRARIES: /usr/lib/x86_64-linux-gnu/libpython3.10.so
-- Found PythonExtra: .so  
-- Added test 'copyright' to check source files copyright and LICENSE
-- Added test 'cppcheck' to perform static code analysis on C / C++ code
-- Configured cppcheck include dirs: /home/marcos-valera/demo/src/demos/demo_nodes_cpp/include
-- Configured cppcheck exclude dirs and/or files: 
-- Added test 'cpplint' to check C / C++ code against the Google style
-- Configured cpplint exclude dirs and/or files: 
-- Added test 'flake8' to check Python code syntax and style conventions
-- Added test 'lint_cmake' to check CMake code style
-- Added test 'pep257' to check Python code against some of the docstring style conventions in PEP 257
-- Added test 'uncrustify' to check C / C++ code style
-- Configured uncrustify additional arguments: 
-- Added test 'xmllint' to check XML markup files
-- Configuring done
-- Generating done
-- Build files have been written to: /home/marcos-valera/demo/src/demos/build/demo_nodes_cpp
[  1%] [32mBuilding CXX object CMakeFiles/allocator_tutorial.dir/src/topics/allocator_tutorial.cpp.o[0m
[  2%] [32mBuilding CXX object CMakeFiles/parameter_events.dir/src/parameters/parameter_events.cpp.o[0m
[  5%] [32mBuilding CXX object CMakeFiles/list_parameters_async.dir/src/parameters/list_parameters_async.cpp.o[0m
[  5%] [32mBuilding CXX object CMakeFiles/add_two_ints_client.dir/src/services/add_two_ints_client.cpp.o[0m
[  7%] [32mBuilding CXX object CMakeFiles/set_and_get_parameters_async.dir/src/parameters/set_and_get_parameters_async.cpp.o[0m
[  8%] [32mBuilding CXX object CMakeFiles/parameter_event_handler.dir/src/parameters/parameter_event_handler.cpp.o[0m
[  9%] [32m[1mLinking CXX executable add_two_ints_client[0m
[  9%] Built target add_two_ints_client
[ 11%] [32m[1mLinking CXX executable set_and_get_parameters_async[0m
[ 12%] [32mBuilding CXX object CMakeFiles/timers_library.dir/src/timers/one_off_timer.cpp.o[0m
[ 12%] Built target set_and_get_parameters_async
[ 14%] [32mBuilding CXX object CMakeFiles/services_library.dir/src/services/add_two_ints_server.cpp.o[0m
[ 15%] [32m[1mLinking CXX executable list_parameters_async[0m
[ 15%] Built target list_parameters_async
[ 16%] [32mBuilding CXX object CMakeFiles/parameters_library.dir/src/parameters/list_parameters.cpp.o[0m
[ 18%] [32mBuilding CXX object CMakeFiles/timers_library.dir/src/timers/reuse_timer.cpp.o[0m
[ 19%] [32mBuilding CXX object CMakeFiles/services_library.dir/src/services/add_two_ints_client.cpp.o[0m
[ 21%] [32mBuilding CXX object CMakeFiles/parameters_library.dir/src/parameters/parameter_blackboard.cpp.o[0m
[ 22%] [32m[1mLinking CXX shared library libtimers_library.so[0m
[ 23%] [32m[1mLinking CXX executable parameter_events[0m
[ 25%] [32m[1mLinking CXX executable allocator_tutorial[0m
[ 25%] Built target timers_library
[ 26%] [32mBuilding CXX object CMakeFiles/parameters_library.dir/src/parameters/set_and_get_parameters.cpp.o[0m
[ 26%] Built target parameter_events
[ 28%] [32m[1mLinking CXX executable parameter_event_handler[0m
[ 29%] [32mBuilding CXX object CMakeFiles/topics_library.dir/src/topics/content_filtering_publisher.cpp.o[0m
[ 29%] Built target allocator_tutorial
[ 30%] [32mBuilding CXX object CMakeFiles/one_off_timer.dir/rclcpp_components/node_main_one_off_timer.cpp.o[0m
[ 30%] Built target parameter_event_handler
[ 32%] [32mBuilding CXX object CMakeFiles/parameters_library.dir/src/parameters/parameter_events_async.cpp.o[0m
[ 33%] [32mBuilding CXX object CMakeFiles/topics_library.dir/src/topics/content_filtering_subscriber.cpp.o[0m
[ 35%] [32mBuilding CXX object CMakeFiles/services_library.dir/src/services/add_two_ints_client_async.cpp.o[0m
[ 36%] [32mBuilding CXX object CMakeFiles/parameters_library.dir/src/parameters/even_parameters_node.cpp.o[0m
[ 38%] [32m[1mLinking CXX executable one_off_timer[0m
[ 38%] Built target one_off_timer
[ 39%] [32mBuilding CXX object CMakeFiles/reuse_timer.dir/rclcpp_components/node_main_reuse_timer.cpp.o[0m
[ 40%] [32mBuilding CXX object CMakeFiles/topics_library.dir/src/topics/talker.cpp.o[0m
[ 42%] [32mBuilding CXX object CMakeFiles/add_two_ints_server.dir/rclcpp_components/node_main_add_two_ints_server.cpp.o[0m
[ 43%] [32m[1mLinking CXX shared library libservices_library.so[0m
[ 43%] Built target services_library
[ 45%] [32mBuilding CXX object CMakeFiles/add_two_ints_client_async.dir/rclcpp_components/node_main_add_two_ints_client_async.cpp.o[0m
[ 46%] [32m[1mLinking CXX executable reuse_timer[0m
[ 46%] Built target reuse_timer
[ 47%] [32mBuilding CXX object CMakeFiles/list_parameters.dir/rclcpp_components/node_main_list_parameters.cpp.o[0m
[ 49%] [32m[1mLinking CXX executable add_two_ints_server[0m
[ 49%] Built target add_two_ints_server
[ 50%] [32m[1mLinking CXX shared library libparameters_library.so[0m
[ 52%] [32mBuilding CXX object CMakeFiles/parameter_blackboard.dir/rclcpp_components/node_main_parameter_blackboard.cpp.o[0m
[ 52%] Built target parameters_library
[ 53%] [32mBuilding CXX object CMakeFiles/topics_library.dir/src/topics/talker_loaned_message.cpp.o[0m
[ 54%] [32mBuilding CXX object CMakeFiles/set_and_get_parameters.dir/rclcpp_components/node_main_set_and_get_parameters.cpp.o[0m
[ 56%] [32m[1mLinking CXX executable add_two_ints_client_async[0m
[ 56%] Built target add_two_ints_client_async
[ 57%] [32mBuilding CXX object CMakeFiles/parameter_events_async.dir/rclcpp_components/node_main_parameter_events_async.cpp.o[0m
[ 59%] [32m[1mLinking CXX executable list_parameters[0m
[ 59%] Built target list_parameters
[ 60%] [32mBuilding CXX object CMakeFiles/even_parameters_node.dir/rclcpp_components/node_main_even_parameters_node.cpp.o[0m
[ 61%] [32mBuilding CXX object CMakeFiles/content_filtering_publisher.dir/rclcpp_components/node_main_content_filtering_publisher.cpp.o[0m
[ 63%] [32m[1mLinking CXX executable parameter_blackboard[0m
[ 63%] Built target parameter_blackboard
[ 64%] [32mBuilding CXX object CMakeFiles/content_filtering_subscriber.dir/rclcpp_components/node_main_content_filtering_subscriber.cpp.o[0m
[ 66%] [32m[1mLinking CXX executable set_and_get_parameters[0m
[ 66%] Built target set_and_get_parameters
[ 67%] [32mBuilding CXX object CMakeFiles/talker.dir/rclcpp_components/node_main_talker.cpp.o[0m
[ 69%] [32m[1mLinking CXX executable parameter_events_async[0m
[ 70%] [32m[1mLinking CXX executable even_parameters_node[0m
[ 70%] Built target parameter_events_async
[ 71%] [32mBuilding CXX object CMakeFiles/topics_library.dir/src/topics/talker_serialized_message.cpp.o[0m
[ 71%] Built target even_parameters_node
[ 73%] [32mBuilding CXX object CMakeFiles/talker_loaned_message.dir/rclcpp_components/node_main_talker_loaned_message.cpp.o[0m
[ 74%] [32mBuilding CXX object CMakeFiles/topics_library.dir/src/topics/number_processor.cpp.o[0m
[ 76%] [32m[1mLinking CXX executable content_filtering_subscriber[0m
[ 77%] [32m[1mLinking CXX executable content_filtering_publisher[0m
[ 77%] Built target content_filtering_subscriber
[ 78%] [32mBuilding CXX object CMakeFiles/topics_library.dir/src/topics/listener.cpp.o[0m
[ 78%] Built target content_filtering_publisher
[ 80%] [32mBuilding CXX object CMakeFiles/topics_library.dir/src/topics/listener_serialized_message.cpp.o[0m
[ 81%] [32m[1mLinking CXX executable talker[0m
[ 83%] [32m[1mLinking CXX executable talker_loaned_message[0m
[ 83%] Built target talker
[ 84%] [32mBuilding CXX object CMakeFiles/topics_library.dir/src/topics/listener_best_effort.cpp.o[0m
[ 84%] Built target talker_loaned_message
[ 85%] [32mBuilding CXX object CMakeFiles/talker_serialized_message.dir/rclcpp_components/node_main_talker_serialized_message.cpp.o[0m
[ 87%] [32mBuilding CXX object CMakeFiles/number_processor.dir/rclcpp_components/node_main_number_processor.cpp.o[0m
[ 88%] [32m[1mLinking CXX executable talker_serialized_message[0m
[ 88%] Built target talker_serialized_message
[ 90%] [32mBuilding CXX object CMakeFiles/listener.dir/rclcpp_components/node_main_listener.cpp.o[0m
[ 91%] [32m[1mLinking CXX executable number_processor[0m
[ 91%] Built target number_processor
[ 92%] [32mBuilding CXX object CMakeFiles/listener_serialized_message.dir/rclcpp_components/node_main_listener_serialized_message.cpp.o[0m
[ 94%] [32mBuilding CXX object CMakeFiles/listener_best_effort.dir/rclcpp_components/node_main_listener_best_effort.cpp.o[0m
[ 95%] [32m[1mLinking CXX executable listener[0m
[ 97%] [32m[1mLinking CXX executable listener_serialized_message[0m
[ 97%] Built target listener
[ 97%] Built target listener_serialized_message
[ 98%] [32m[1mLinking CXX shared library libtopics_library.so[0m
[ 98%] Built target topics_library
[100%] [32m[1mLinking CXX executable listener_best_effort[0m
[100%] Built target listener_best_effort
-- Install configuration: ""
-- Installing: /home/marcos-valera/demo/src/demos/install/demo_nodes_cpp/lib/demo_nodes_cpp/allocator_tutorial
-- Set runtime path of "/home/marcos-valera/demo/src/demos/install/demo_nodes_cpp/lib/demo_nodes_cpp/allocator_tutorial" to ""
-- Installing: /home/marcos-valera/demo/src/demos/install/demo_nodes_cpp/lib/demo_nodes_cpp/add_two_ints_client
-- Set runtime path of "/home/marcos-valera/demo/src/demos/install/demo_nodes_cpp/lib/demo_nodes_cpp/add_two_ints_client" to ""
-- Installing: /home/marcos-valera/demo/src/demos/install/demo_nodes_cpp/lib/demo_nodes_cpp/list_parameters_async
-- Set runtime path of "/home/marcos-valera/demo/src/demos/install/demo_nodes_cpp/lib/demo_nodes_cpp/list_parameters_async" to ""
-- Installing: /home/marcos-valera/demo/src/demos/install/demo_nodes_cpp/lib/demo_nodes_cpp/parameter_events
-- Set runtime path of "/home/marcos-valera/demo/src/demos/install/demo_nodes_cpp/lib/demo_nodes_cpp/parameter_events" to ""
-- Installing: /home/marcos-valera/demo/src/demos/install/demo_nodes_cpp/lib/demo_nodes_cpp/parameter_event_handler
-- Set runtime path of "/home/marcos-valera/demo/src/demos/install/demo_nodes_cpp/lib/demo_nodes_cpp/parameter_event_handler" to ""
-- Installing: /home/marcos-valera/demo/src/demos/install/demo_nodes_cpp/lib/demo_nodes_cpp/set_and_get_parameters_async
-- Set runtime path of "/home/marcos-valera/demo/src/demos/install/demo_nodes_cpp/lib/demo_nodes_cpp/set_and_get_parameters_async" to ""
-- Installing: /home/marcos-valera/demo/src/demos/install/demo_nodes_cpp/lib/demo_nodes_cpp/one_off_timer
-- Set runtime path of "/home/marcos-valera/demo/src/demos/install/demo_nodes_cpp/lib/demo_nodes_cpp/one_off_timer" to ""
-- Installing: /home/marcos-valera/demo/src/demos/install/demo_nodes_cpp/lib/demo_nodes_cpp/reuse_timer
-- Set runtime path of "/home/marcos-valera/demo/src/demos/install/demo_nodes_cpp/lib/demo_nodes_cpp/reuse_timer" to ""
-- Installing: /home/marcos-valera/demo/src/demos/install/demo_nodes_cpp/lib/demo_nodes_cpp/add_two_ints_server
-- Set runtime path of "/home/marcos-valera/demo/src/demos/install/demo_nodes_cpp/lib/demo_nodes_cpp/add_two_ints_server" to ""
-- Installing: /home/marcos-valera/demo/src/demos/install/demo_nodes_cpp/lib/demo_nodes_cpp/add_two_ints_client_async
-- Set runtime path of "/home/marcos-valera/demo/src/demos/install/demo_nodes_cpp/lib/demo_nodes_cpp/add_two_ints_client_async" to ""
-- Installing: /home/marcos-valera/demo/src/demos/install/demo_nodes_cpp/lib/demo_nodes_cpp/list_parameters
-- Set runtime path of "/home/marcos-valera/demo/src/demos/install/demo_nodes_cpp/lib/demo_nodes_cpp/list_parameters" to ""
-- Installing: /home/marcos-valera/demo/src/demos/install/demo_nodes_cpp/lib/demo_nodes_cpp/parameter_blackboard
-- Set runtime path of "/home/marcos-valera/demo/src/demos/install/demo_nodes_cpp/lib/demo_nodes_cpp/parameter_blackboard" to ""
-- Installing: /home/marcos-valera/demo/src/demos/install/demo_nodes_cpp/lib/demo_nodes_cpp/set_and_get_parameters
-- Set runtime path of "/home/marcos-valera/demo/src/demos/install/demo_nodes_cpp/lib/demo_nodes_cpp/set_and_get_parameters" to ""
-- Installing: /home/marcos-valera/demo/src/demos/install/demo_nodes_cpp/lib/demo_nodes_cpp/parameter_events_async
-- Set runtime path of "/home/marcos-valera/demo/src/demos/install/demo_nodes_cpp/lib/demo_nodes_cpp/parameter_events_async" to ""
-- Installing: /home/marcos-valera/demo/src/demos/install/demo_nodes_cpp/lib/demo_nodes_cpp/even_parameters_node
-- Set runtime path of "/home/marcos-valera/demo/src/demos/install/demo_nodes_cpp/lib/demo_nodes_cpp/even_parameters_node" to ""
-- Installing: /home/marcos-valera/demo/src/demos/install/demo_nodes_cpp/lib/demo_nodes_cpp/content_filtering_publisher
-- Set runtime path of "/home/marcos-valera/demo/src/demos/install/demo_nodes_cpp/lib/demo_nodes_cpp/content_filtering_publisher" to ""
-- Installing: /home/marcos-valera/demo/src/demos/install/demo_nodes_cpp/lib/demo_nodes_cpp/content_filtering_subscriber
-- Set runtime path of "/home/marcos-valera/demo/src/demos/install/demo_nodes_cpp/lib/demo_nodes_cpp/content_filtering_subscriber" to ""
-- Installing: /home/marcos-valera/demo/src/demos/install/demo_nodes_cpp/lib/demo_nodes_cpp/talker
-- Set runtime path of "/home/marcos-valera/demo/src/demos/install/demo_nodes_cpp/lib/demo_nodes_cpp/talker" to ""
-- Installing: /home/marcos-valera/demo/src/demos/install/demo_nodes_cpp/lib/demo_nodes_cpp/talker_loaned_message
-- Set runtime path of "/home/marcos-valera/demo/src/demos/install/demo_nodes_cpp/lib/demo_nodes_cpp/talker_loaned_message" to ""
-- Installing: /home/marcos-valera/demo/src/demos/install/demo_nodes_cpp/lib/demo_nodes_cpp/talker_serialized_message
-- Set runtime path of "/home/marcos-valera/demo/src/demos/install/demo_nodes_cpp/lib/demo_nodes_cpp/talker_serialized_message" to ""
-- Installing: /home/marcos-valera/demo/src/demos/install/demo_nodes_cpp/lib/demo_nodes_cpp/number_processor
-- Set runtime path of "/home/marcos-valera/demo/src/demos/install/demo_nodes_cpp/lib/demo_nodes_cpp/number_processor" to ""
-- Installing: /home/marcos-valera/demo/src/demos/install/demo_nodes_cpp/lib/demo_nodes_cpp/listener
-- Set runtime path of "/home/marcos-valera/demo/src/demos/install/demo_nodes_cpp/lib/demo_nodes_cpp/listener" to ""
-- Installing: /home/marcos-valera/demo/src/demos/install/demo_nodes_cpp/lib/demo_nodes_cpp/listener_serialized_message
-- Set runtime path of "/home/marcos-valera/demo/src/demos/install/demo_nodes_cpp/lib/demo_nodes_cpp/listener_serialized_message" to ""
-- Installing: /home/marcos-valera/demo/src/demos/install/demo_nodes_cpp/lib/demo_nodes_cpp/listener_best_effort
-- Set runtime path of "/home/marcos-valera/demo/src/demos/install/demo_nodes_cpp/lib/demo_nodes_cpp/listener_best_effort" to ""
-- Installing: /home/marcos-valera/demo/src/demos/install/demo_nodes_cpp/lib/libtimers_library.so
-- Set runtime path of "/home/marcos-valera/demo/src/demos/install/demo_nodes_cpp/lib/libtimers_library.so" to ""
-- Installing: /home/marcos-valera/demo/src/demos/install/demo_nodes_cpp/lib/libservices_library.so
-- Set runtime path of "/home/marcos-valera/demo/src/demos/install/demo_nodes_cpp/lib/libservices_library.so" to ""
-- Installing: /home/marcos-valera/demo/src/demos/install/demo_nodes_cpp/lib/libparameters_library.so
-- Set runtime path of "/home/marcos-valera/demo/src/demos/install/demo_nodes_cpp/lib/libparameters_library.so" to ""
-- Installing: /home/marcos-valera/demo/src/demos/install/demo_nodes_cpp/lib/libtopics_library.so
-- Set runtime path of "/home/marcos-valera/demo/src/demos/install/demo_nodes_cpp/lib/libtopics_library.so" to ""
-- Installing: /home/marcos-valera/demo/src/demos/install/demo_nodes_cpp/share/demo_nodes_cpp//launch
-- Installing: /home/marcos-valera/demo/src/demos/install/demo_nodes_cpp/share/demo_nodes_cpp//launch/topics
-- Installing: /home/marcos-valera/demo/src/demos/install/demo_nodes_cpp/share/demo_nodes_cpp//launch/topics/talker_listener.launch.py
-- Installing: /home/marcos-valera/demo/src/demos/install/demo_nodes_cpp/share/demo_nodes_cpp//launch/topics/talker_listener_best_effort.launch.xml
-- Installing: /home/marcos-valera/demo/src/demos/install/demo_nodes_cpp/share/demo_nodes_cpp//launch/topics/launch_all.py
-- Installing: /home/marcos-valera/demo/src/demos/install/demo_nodes_cpp/share/demo_nodes_cpp//launch/topics/talker_listener_best_effort.launch.py
-- Installing: /home/marcos-valera/demo/src/demos/install/demo_nodes_cpp/share/demo_nodes_cpp//launch/topics/talker_listener.launch.xml
-- Installing: /home/marcos-valera/demo/src/demos/install/demo_nodes_cpp/share/demo_nodes_cpp//launch/services
-- Installing: /home/marcos-valera/demo/src/demos/install/demo_nodes_cpp/share/demo_nodes_cpp//launch/services/add_two_ints.launch.xml
-- Installing: /home/marcos-valera/demo/src/demos/install/demo_nodes_cpp/share/demo_nodes_cpp//launch/services/add_two_ints.launch.py
-- Installing: /home/marcos-valera/demo/src/demos/install/demo_nodes_cpp/share/demo_nodes_cpp//launch/services/add_two_ints_async.launch.py
-- Installing: /home/marcos-valera/demo/src/demos/install/demo_nodes_cpp/share/demo_nodes_cpp//launch/services/add_two_ints_async.launch.xml
-- Installing: /home/marcos-valera/demo/src/demos/install/demo_nodes_cpp/share/ament_index/resource_index/package_run_dependencies/demo_nodes_cpp
-- Installing: /home/marcos-valera/demo/src/demos/install/demo_nodes_cpp/share/ament_index/resource_index/parent_prefix_path/demo_nodes_cpp
-- Installing: /home/marcos-valera/demo/src/demos/install/demo_nodes_cpp/share/demo_nodes_cpp/environment/ament_prefix_path.sh
-- Installing: /home/marcos-valera/demo/src/demos/install/demo_nodes_cpp/share/demo_nodes_cpp/environment/ament_prefix_path.dsv
-- Installing: /home/marcos-valera/demo/src/demos/install/demo_nodes_cpp/share/demo_nodes_cpp/environment/path.sh
-- Installing: /home/marcos-valera/demo/src/demos/install/demo_nodes_cpp/share/demo_nodes_cpp/environment/path.dsv
-- Installing: /home/marcos-valera/demo/src/demos/install/demo_nodes_cpp/share/demo_nodes_cpp/local_setup.bash
-- Installing: /home/marcos-valera/demo/src/demos/install/demo_nodes_cpp/share/demo_nodes_cpp/local_setup.sh
-- Installing: /home/marcos-valera/demo/src/demos/install/demo_nodes_cpp/share/demo_nodes_cpp/local_setup.zsh
-- Installing: /home/marcos-valera/demo/src/demos/install/demo_nodes_cpp/share/demo_nodes_cpp/local_setup.dsv
-- Installing: /home/marcos-valera/demo/src/demos/install/demo_nodes_cpp/share/demo_nodes_cpp/package.dsv
-- Installing: /home/marcos-valera/demo/src/demos/install/demo_nodes_cpp/share/ament_index/resource_index/packages/demo_nodes_cpp
-- Installing: /home/marcos-valera/demo/src/demos/install/demo_nodes_cpp/share/ament_index/resource_index/rclcpp_components/demo_nodes_cpp
-- Installing: /home/marcos-valera/demo/src/demos/install/demo_nodes_cpp/share/demo_nodes_cpp/cmake/demo_nodes_cppConfig.cmake
-- Installing: /home/marcos-valera/demo/src/demos/install/demo_nodes_cpp/share/demo_nodes_cpp/cmake/demo_nodes_cppConfig-version.cmake
-- Installing: /home/marcos-valera/demo/src/demos/install/demo_nodes_cpp/share/demo_nodes_cpp/package.xml
